▶ hardhat node --fork https://bsc-mainnet.nodereal.io/v1/d6bb3f58a48044029b0afaf04a8269ec
노드 준비 완료 (pid 43499)

▶ npx hardhat run scripts/tge/fund-from-whale.js --network localhost
◇ injected env (14) from .env // tip: ⌘ override existing { override: true }
◇ injected env (0) from .env // tip: ⌘ override existing { override: true }
ProviderError: No known hardfork for execution on historical block 120625237 (relative to fork block number 120625237) in chain with id 56. The node was not configured with a hardfork activation history.
    at HttpProvider.request (C:\Users\whdnt\Desktop\flowgence\dev\SL_TOKEN\node_modules\hardhat\src\internal\core\providers\http.ts:116:21)
    at processTicksAndRejections (node:internal/process/task_queues:95:5)
    at staticCallResult (C:\Users\whdnt\Desktop\flowgence\dev\SL_TOKEN\node_modules\ethers\src.ts\contract\contract.ts:337:22)
    at staticCall (C:\Users\whdnt\Desktop\flowgence\dev\SL_TOKEN\node_modules\ethers\src.ts\contract\contract.ts:303:24)
    at Proxy.decimals (C:\Users\whdnt\Desktop\flowgence\dev\SL_TOKEN\node_modules\ethers\src.ts\contract\contract.ts:351:41)
    at main (C:\Users\whdnt\Desktop\flowgence\dev\SL_TOKEN\scripts\tge\fund-from-whale.js:18:22)
❌ 실패: npx hardhat run scripts/tge/fund-from-whale.js --network localhost

▶ npx hardhat run scripts/deploy-timelock.js --network localhost
◇ injected env (14) from .env // tip: ⌁ auth for agents [www.vestauth.com]
◇ injected env (0) from .env // tip: ⌘ enable debugging { debug: true }
SLTimelock: 0xFbf414fD29c1fFdcaDBc43b6e1aCFCee9AAa9ecC
  minDelay : 172800 초 (48h)
  proposers: 0xf39Fd6e51aad88F6F4ce6aB8827279cffFb92266
  executors: 0xf39Fd6e51aad88F6F4ce6aB8827279cffFb92266
  admin    : address(0) (self-administered)

다음 단계에서 사용:  VESTING_OWNER=0xFbf414fD29c1fFdcaDBc43b6e1aCFCee9AAa9ecC
VESTING_OWNER=0xFbf414fD29c1fFdcaDBc43b6e1aCFCee9AAa9ecC

▶ npx hardhat run scripts/preflight.js --network localhost
◇ injected env (13) from .env // tip: ⌁ auth for agents [www.vestauth.com]
◇ injected env (0) from .env // tip: ◈ encrypted .env [www.dotenvx.com]
PREFLIGHT — network=localhost
  ✅ chainId 31337
  ✅ 배포자 0xf39Fd6e51aad88F6F4ce6aB8827279cffFb92266 잔고 9999.999881134700160928
  ✅ 버킷 합계 2,000,000,000 = 총발행량
  ✅ VESTING_OWNER 컨트랙트 확인 0xFbf414fD29c1fFdcaDBc43b6e1aCFCee9AAa9ecC

  경고:
  ⚠️  TGE_TIMESTAMP 미지정 → 배포 시각+1h 기본값 (메인넷에서는 금지)
  ⚠️  NACP: wallet 비어 있음 → 배포자에게 배정됨
  ⚠️  PARTICIPANT: wallet 비어 있음 → 배포자에게 배정됨
  ⚠️  VC: wallet 비어 있음 → 배포자에게 배정됨
  ⚠️  TEAM: wallet 비어 있음 → 배포자에게 배정됨
  ⚠️  TREASURY: wallet 비어 있음 → 배포자에게 배정됨
  ⚠️  LIQUIDITY: wallet 비어 있음 → 배포자에게 배정됨
  ⚠️  MARKETING: wallet 비어 있음 → 배포자에게 배정됨
  ⚠️  ADVISORS: wallet 비어 있음 → 배포자에게 배정됨
  ⚠️  ECOSYSTEM: wallet 비어 있음 → 배포자에게 배정됨

✅ PREFLIGHT PASS

▶ env FAIL_AFTER_STEP=5 npx hardhat run scripts/deploy-resumable.js --network localhost (기대 exit=2)
◇ injected env (13) from .env // tip: ⌘ override existing { override: true }
◇ injected env (0) from .env // tip: ◈ secrets for agents [www.dotenvx.com]
배포자: 0xf39Fd6e51aad88F6F4ce6aB8827279cffFb92266
네트워크: localhost
progress: C:\Users\whdnt\Desktop\flowgence\dev\SL_TOKEN\deployments\localhost.progress.json
✅ 얼로케이션 합계 검증 통과: 2,000,000,000 개
SLToken 배포: 0x313938Bc0241F64E0311191Bf746dF4b9c1c3a37
SLVesting 배포: 0xCbd8d5E51C50C1AC98f8Ab7475a0A5022956aD23
TGE 시각(unix): 1788846634 (default(now+1h)) 2026-09-08T05:50:34.000Z

--- 분배 ---
➡️  Network Access Credit Pool: 200000000 배포자 보유 (wallet 미지정)
🔒 Participant Program: 100000000 → 베스팅 (TGE 0%, cliff 3m, linear 24m) 수혜:0xf39Fd6e51aad88F6F4ce6aB8827279cffFb92266  0x722860e70b19dc91d3a7946e99bfdf52ce060113cacdaa4239e55e889b45dd2f

💥 FAIL_AFTER_STEP=5 도달 — 강제 중단(테스트). 다시 실행하면 이어서 진행됩니다.
✅ exit=2

▶ npx hardhat run scripts/deploy-resumable.js --network localhost
◇ injected env (13) from .env // tip: ◈ secrets for agents [www.dotenvx.com]
◇ injected env (0) from .env // tip: ◈ secrets for agents [www.dotenvx.com]
배포자: 0xf39Fd6e51aad88F6F4ce6aB8827279cffFb92266
네트워크: localhost
progress: C:\Users\whdnt\Desktop\flowgence\dev\SL_TOKEN\deployments\localhost.progress.json
✅ 얼로케이션 합계 검증 통과: 2,000,000,000 개
⏭  token (이미 완료)
⏭  vesting (이미 완료)
TGE 시각(unix): 1788846634 (default(now+1h)) 2026-09-08T05:50:34.000Z

--- 분배 ---
⏭  bucket:NACP:self (이미 완료)
⏭  bucket:PARTICIPANT:fund (이미 완료)
⏭  bucket:PARTICIPANT:schedule (이미 완료)
🔒 VC Sale: 300000000 → 베스팅 (TGE 0%, cliff 18m, linear 24m) 수혜:0xf39Fd6e51aad88F6F4ce6aB8827279cffFb92266  0xa07f9729f373a901d71fbeaa9e8a945685bd73f38f1849623a1bf8a95a760503
🔒 Team & Core: 300000000 → 베스팅 (TGE 0%, cliff 12m, linear 36m) 수혜:0xf39Fd6e51aad88F6F4ce6aB8827279cffFb92266  0x6e69de415d83b7b4d382bdc6b7ca6f7b44c1771d8cd02abdf2cf467173dc4101
🔒 Treasury: 400000000 → 베스팅 (TGE 3%, cliff 6m, linear 24m) 수혜:0xf39Fd6e51aad88F6F4ce6aB8827279cffFb92266  0xca06509343cec28440a44165463ee3defcd3ee45543487e84b880811af7fc877
➡️  Liquidity Pool: 160000000 배포자 보유 (wallet 미지정)
🔒 Marketing: 100000000 → 베스팅 (TGE 20%, cliff 0m, linear 12m) 수혜:0xf39Fd6e51aad88F6F4ce6aB8827279cffFb92266  0x63d3fa9976d2a4f6710e01cbbbc1ede3fbc90b3caf3098be8ea05b547142e23a
🔒 Advisors: 40000000 → 베스팅 (TGE 0%, cliff 12m, linear 24m) 수혜:0xf39Fd6e51aad88F6F4ce6aB8827279cffFb92266  0x6b5847417d932db8d642e713ae3853a3d005cdbd4ef45a89f2569d49f73e1ab4
🔥 Protocol Reserve (retired): 100000000 소각  0x2cc16bc93b49629b479ad962cefba301c7b84fbc013cae88ef3bd52f1ce47e0b
🔒 Ecosystem Reserve: 300000000 → 베스팅 (TGE 0%, cliff 12m, linear 36m) 수혜:0xf39Fd6e51aad88F6F4ce6aB8827279cffFb92266  0xcbe636d5f2c66ed6516fc0b9ef5fdb7bd25a7b75d2ec3f2a47e53f654d6b5c3d

🔐 SLVesting 소유권 이전 → 0xFbf414fD29c1fFdcaDBc43b6e1aCFCee9AAa9ecC  0xa480ad657b6c097370df589be9a35aa3a7a5d3e4f72446fbb9120cba9a19260c

--- 배포 완료 ---
현재 총공급량(소각 반영): 1900000000.0
배포자 잔여 잔액: 360000000.0
SLVesting owner: 0xFbf414fD29c1fFdcaDBc43b6e1aCFCee9AAa9ecC
  SLToken  : 0x313938Bc0241F64E0311191Bf746dF4b9c1c3a37
  SLVesting: 0xCbd8d5E51C50C1AC98f8Ab7475a0A5022956aD23

배포 주소 저장: deployments/localhost.json

▶ npx hardhat run scripts/tge/invariants.js --network localhost
